// Jest Snapshot v1, https://goo.gl/fbAQLP

exports[`ErrorModal component should return error message 1`] = `
<DocumentFragment>
  <div
    class="sc-eLqIir Bstic"
  >
    <p
      class="sc-HzRMQ lhygmB"
      data-testid="modal-error"
    >
      Error: API server error. Try to generate again.
    </p>
  </div>
</DocumentFragment>
`;
